[Map]
author=Phillip Deibert
image=Middle East Big.bmp
wrap=yes
scroll=none
warn=yes

[Continents]
Africa=3
Arabia=5
The Middle East=7
South West Asia=4
Eurasia=4

[Territories]
Egypt,61,337,Africa,Turkey,Isreal,Sudan
Sudan,71,470,Africa,Egypt,Ethiopia
Ethiopia,156,526,Africa,Sudan,Yemen
Northern Saudi Arabia,210,360,Arabia,Iraq,Kuwait,Southern Saudi Arabia,Isreal
Kuwait,281,325,Arabia,Northern Saudi Arabia,Iraq
Yemen,290,505,Arabia,Ethiopia,Oman,Southern Saudi Arabia
Oman,409,417,Arabia,Southern Saudi Arabia,Yemen,Southern Iran
Western Iran,341,259,The Middle East,Southern Iran,Iraq,Turkmenistan
Iraq,244,257,The Middle East,Northern Saudi Arabia,Kuwait,Western Iran,Syria,Turkey,Armenia,Isreal
Syria,187,230,The Middle East,Iraq,Turkey,Isreal
Isreal,151,286,Arabia,Egypt,Syria,Northern Saudi Arabia,Iraq
Turkey,150,170,The Middle East,Egypt,Iraq,Syria,Bulgaria,Ukraine,Georgia,Armenia
Pakistan,546,313,South West Asia,Southern Iran,Afghanistan
Afghanistan,495,245,South West Asia,Southern Iran,Tajikistan,Uzbekistan,Turkmenistan,Pakistan
Turkmenistan,417,176,South West Asia,Armenia,Western Iran,Afghanistan,Uzbekistan,Armenia,Armenia,Armenia,Armenia
Uzbekistan,455,145,South West Asia,Kazakhstan,Tajikistan,Afghanistan,Turkmenistan
Tajikistan,553,153,South West Asia,Kazakhstan,Uzbekistan,Afghanistan
Kazakhstan,464,64,Eurasia,Southern Russia,Uzbekistan,Tajikistan
Southern Russia,248,73,Eurasia,Ukraine,Kazakhstan,Georgia,Armenia,Armenia,Armenia,Armenia
Ukraine,160,53,Eurasia,Turkey,Romania,Southern Russia
Romania,68,59,Eurasia,Bulgaria,Ukraine
Bulgaria,47,105,Eurasia,Turkey,Romania
Georgia,248,144,Eurasia,Turkey,Southern Russia,Armenia,Armenia,Armenia,Armenia,Armenia,Armenia
Armenia,275,171,Eurasia,Southern Russia,Georgia,Turkmenistan,Iraq,Turkey
Southern Saudi Arabia,280,444,Arabia,Northern Saudi Arabia,Oman,Yemen
Southern Iran,428,327,The Middle East,Oman,Afghanistan,Pakistan,Western Iran
